// Jest Snapshot v1, https://goo.gl/fbAQLP

exports[`Settings component renders correctly 1`] = `
"<div class=\\"row\\"><label for=\\"theme\\">Theme</label>
  <select id=\\"theme\\"><option value=\\"light\\">Light</option><option value=\\"null\\">Dark</option></select></div>

<hr>

<footer><small><em>â€» Settings sync to your account.</em></small></footer>"
`;
