// Jest Snapshot v1, https://goo.gl/fbAQLP

exports[`BookmarkItem component renders correctly 1`] = `
"<a href=\\"undefined\\" title=\\"undefined\\" class=\\"bookmark\\">
    <span class=\\"title\\">undefined</span></a><!---->"
`;
