// Jest Snapshot v1, https://goo.gl/fbAQLP

exports[`BookmarkFolder component renders correctly 1`] = `
"<div class=\\"item folder\\" title=\\"undefined\\">undefined

  <div class=\\"caret\\">â–¸</div>

  </div>"
`;
