// Jest Snapshot v1, https://goo.gl/fbAQLP

exports[`Search component renders correctly 1`] = `
"<div class=\\"c\\"><input id=\\"s\\" placeholder=\\"Search browser...\\" autocomplete=\\"off\\">

  
  <p class=\\"g\\">No matching Open Tabs</p>

  
  

  
  

  
  </div>"
`;
