// Jest Snapshot v1, https://goo.gl/fbAQLP

exports[`BookmarksBar component renders correctly 1`] = `"<div class=\\"bookmarks\\">  </div>"`;
