// Jest Snapshot v1, https://goo.gl/fbAQLP

exports[`Search component renders correctly 1`] = `
"<div class=\\"container\\"><input id=\\"search\\" placeholder=\\"Search browserâ€¦\\" autocomplete=\\"off\\">

  <h2>Open Tabs (0/0)</h2>

      <!----><!----><!----><!----><h2>Top Sites (0/0)</h2>



<!----><!----></div>"
`;
